// Jest Snapshot v1, https://goo.gl/fbAQLP

exports[`render correctly Backdrop component 1`] = `null`;
